// Jest Snapshot v1, https://goo.gl/fbAQLP

exports[`<Loading /> renders the <Loading /> component 1`] = `
<div
  class="loading__Spinner-sc-1pd388y-0 dqyiBf"
  data-testid="loading"
>
  <img
    class="loading__Picture-sc-1pd388y-1 gUKmiS"
    data-testid="loading-picture"
    src="/images/users//images/karl.png.png"
  />
</div>
`;

exports[`<Loading /> renders the <Loading.ReleaseBody /> 1`] = `null`;
